2 4 6 8 11 28
192 140 89 67 45 28
54 54 54 54 54 54
34 34 34 34 34 34
98 58 59 42 35 34
